#!/bin/bash

#
# Copyright (C) 2017 Pierre-Yves Fourmond.

# This file is part of liar, the Linux Installer for ARchives.

# liar is free software: you can redistribute it and/or modify
# it under the terms of the GNU General Public License as published by
# the Free Software Foundation, either version 3 of the License, or
# (at your option) any later version.

# liar is distributed in the hope that it will be useful,
# but WITHOUT ANY WARRANTY; without even the implied warranty of
# MERCHANTABILITY or FITNESS FOR A PARTICULAR PURPOSE. See the
# GNU General Public License for more details.

# You should have received a copy of the GNU General Public License
# along with liar. If not, see <http://www.gnu.org/licenses/>.
#

#
# This file is used by liar-completion, which defines Bash tab auto-completion rules for the liar command.
#

LIAR=.liar_software
VERSION=0.2-dev

if [ "$1" = "version" ]; then
    echo "$LIAR version $VERSION"
fi

software="\
ant atom \
firefox \
go goland gradle groovy \
hugo \
icecat idea_community idea_ultimate \
jdk10 jdk11 jdk12 jdk_ri7 jdk_ri8 jdk_ri9 jdk_ri10 jdk_ri11 \
marp maven \
pycharm_community pycharm_professional \
robo3t rubymine \
scala sublimetext \
torbrowser \
visualvm \
webstorm \
"

ant=http://mirrors.standaloneinstaller.com/apache/ant/binaries/apache-ant-1.10.6-bin.zip
atom=https://github.com/atom/atom/releases/download/v1.35.2/atom-amd64.tar.gz
firefox=https://download-installer.cdn.mozilla.net/pub/firefox/releases/66.0.3/linux-x86_64/fr/firefox-66.0.3.tar.bz2
go=https://dl.google.com/go/go1.12.3.linux-amd64.tar.gz
goland=https://download.jetbrains.com/go/goland-2018.3.7.tar.gz
gradle=https://downloads.gradle.org/distributions/gradle-5.3.2-bin.zip
groovy=https://dl.bintray.com/groovy/maven/apache-groovy-binary-2.5.7.zip
hugo=https://github.com/gohugoio/hugo/releases/download/v0.54.1/hugo_0.54.1_Linux-64bit.tar.gz
icecat=https://ftp.gnu.org/gnu/gnuzilla/60.3.1/icecat-60.3.1.en-US.gnulinux-x86_64.tar.bz2
idea_community=https://download.jetbrains.com/idea/ideaIC-2018.3.7.tar.gz
idea_ultimate=https://download.jetbrains.com/idea/ideaIU-2018.3.7.tar.gz
jdk10=https://download.java.net/java/GA/jdk10/10.0.2/19aef61b38124481863b1413dce1855f/13/openjdk-10.0.2_linux-x64_bin.tar.gz
jdk11=https://download.java.net/java/GA/jdk11/9/GPL/openjdk-11.0.2_linux-x64_bin.tar.gz
jdk12=https://download.java.net/java/GA/jdk12/GPL/openjdk-12_linux-x64_bin.tar.gz
jdk_ri7=https://download.java.net/openjdk/jdk7u75/ri/openjdk-7u75-b13-linux-x64-18_dec_2014.tar.gz
jdk_ri8=https://download.java.net/openjdk/jdk8u40/ri/openjdk-8u40-b25-linux-x64-10_feb_2015.tar.gz
jdk_ri9=https://download.java.net/openjdk/jdk9/ri/openjdk-9+181_linux-x64_ri.zip
jdk_ri10=https://download.java.net/openjdk/jdk10/ri/openjdk-10+44_linux-x64_bin_ri.tar.gz
jdk_ri11=https://download.java.net/openjdk/jdk11/ri/openjdk-11+28_linux-x64_bin.tar.gz
marp=https://github.com/yhatt/marp/releases/download/v0.0.15/0.0.15-Marp-linux-x64.tar.gz
maven=http://apache.mediamirrors.org/maven/maven-3/3.6.0/binaries/apache-maven-3.6.0-bin.tar.gz
pycharm_community=https://download.jetbrains.com/python/pycharm-community-2019.1.2.tar.gz
pycharm_professional=https://download.jetbrains.com/python/pycharm-professional-2019.1.2.tar.gz
robo3t=https://download.robomongo.org/1.2.1/linux/robo3t-1.2.1-linux-x86_64-3e50a65.tar.gz
rubymine=https://download.jetbrains.com/ruby/RubyMine-2018.3.6.tar.gz
scala=https://downloads.lightbend.com/scala/2.12.9/scala-2.12.9.tgz
sublimetext=https://download.sublimetext.com/sublime_text_3_build_3200_x64.tar.bz2
torbrowser=https://dist.torproject.org/torbrowser/8.0.9/tor-browser-linux64-8.0.9_fr.tar.xz
visualvm=https://github.com/visualvm/visualvm.src/releases/download/1.4.3/visualvm_142.zip
webstorm=https://download.jetbrains.com/webstorm/WebStorm-2018.3.7.tar.gz
